13:27:46 **** Incremental Build of configuration Debug for project SPI_Master_c8t6 ****
make -j8 all 
arm-none-eabi-size  SPI_Master_c8t6.elf 
   text	   data	    bss	    dec	    hex	filename
   9900	    116	   2004	  12020	   2ef4	SPI_Master_c8t6.elf
Finished building: default.size.stdout
 
13:27:51 **** Incremental Build of configuration Debug for project SPI_Master_c8t6 ****
make -j8 all 
arm-none-eabi-size  SPI_Master_c8t6.elf 
   text	   data	    bss	    dec	    hex	filename
   9900	    116	   2004	  12020	   2ef4	SPI_Master_c8t6.elf
Finished building: default.size.stdout
 
13:34:44 **** Incremental Build of configuration Debug for project SPI_Master_c8t6 ****
make -j8 all 
arm-none-eabi-size  SPI_Master_c8t6.elf 
   text	   data	    bss	    dec	    hex	filename
   9900	    116	   2004	  12020	   2ef4	SPI_Master_c8t6.elf
Finished building: default.size.stdout
 
13:45:16 **** Incremental Build of configuration Debug for project SPI_Master_c8t6 ****
make -j8 all 
arm-none-eabi-size  SPI_Master_c8t6.elf 
   text	   data	    bss	    dec	    hex	filename
   9900	    116	   2004	  12020	   2ef4	SPI_Master_c8t6.elf
Finished building: default.size.stdout
 
15:25:14 **** Incremental Build of configuration Debug for project SPI_Master_c8t6 ****
make -j8 all 
arm-none-eabi-size  SPI_Master_c8t6.elf 
   text	   data	    bss	    dec	    hex	filename
   9900	    116	   2004	  12020	   2ef4	SPI_Master_c8t6.elf
Finished building: default.size.stdout
 
15:29:17 **** Incremental Build of configuration Debug for project SPI_Master_c8t6 ****
make -j8 all 
arm-none-eabi-size  SPI_Master_c8t6.elf 
   text	   data	    bss	    dec	    hex	filename
   9900	    116	   2004	  12020	   2ef4	SPI_Master_c8t6.elf
Finished building: default.size.stdout
 
