14:11:53 **** Incremental Build of configuration Debug for project CAN_TX_NIZAR ****
make -j8 all 
arm-none-eabi-gcc "../Core/Src/main.c" -mcpu=cortex-m3 -std=gnu11 -g3 -DDEBUG -DUSE_HAL_DRIVER -DSTM32F103xB -c -I../Core/Inc -I../Drivers/STM32F1xx_HAL_Driver/Inc/Legacy -I../Drivers/STM32F1xx_HAL_Driver/Inc -I../Drivers/CMSIS/Device/ST/STM32F1xx/Include -I../Drivers/CMSIS/Include -O0 -ffunction-sections -fdata-sections -Wall -fstack-usage -fcyclomatic-complexity -MMD -MP -MF"Core/Src/main.d" -MT"Core/Src/main.o" --specs=nano.specs -mfloat-abi=soft -mthumb -o "Core/Src/main.o"
arm-none-eabi-gcc -o "CAN_TX_NIZAR.elf" @"objects.list"   -mcpu=cortex-m3 -T"C:\Users\TS\STM32CubeIDE\workspace_CAN\CAN_TX_NIZAR\STM32F103C8TX_FLASH.ld" --specs=nosys.specs -Wl,-Map="CAN_TX_NIZAR.map" -Wl,--gc-sections -static --specs=nano.specs -mfloat-abi=soft -mthumb -u _printf_float -u _scanf_float -Wl,--start-group -lc -lm -Wl,--end-group
Finished building target: CAN_TX_NIZAR.elf
 
arm-none-eabi-size  CAN_TX_NIZAR.elf 
arm-none-eabi-objdump -h -S CAN_TX_NIZAR.elf  > "CAN_TX_NIZAR.list"
   text	   data	    bss	    dec	    hex	filename
  31912	    476	   2076	  34464	   86a0	CAN_TX_NIZAR.elf
Finished building: default.size.stdout
 
Finished building: CAN_TX_NIZAR.list
 

14:11:53 Build Finished. 0 errors, 0 warnings. (took 875ms)

