13:59:58 **** Incremental Build of configuration Debug for project CAN_RX_NIZAR ****
make -j8 all 
arm-none-eabi-gcc "../Core/Src/main.c" -mcpu=cortex-m3 -std=gnu11 -g3 -DDEBUG -DUSE_HAL_DRIVER -DSTM32F103xB -c -I../Core/Inc -I../Drivers/STM32F1xx_HAL_Driver/Inc/Legacy -I../Drivers/STM32F1xx_HAL_Driver/Inc -I../Drivers/CMSIS/Device/ST/STM32F1xx/Include -I../Drivers/CMSIS/Include -O0 -ffunction-sections -fdata-sections -Wall -fstack-usage -fcyclomatic-complexity -MMD -MP -MF"Core/Src/main.d" -MT"Core/Src/main.o" --specs=nano.specs -mfloat-abi=soft -mthumb -o "Core/Src/main.o"
arm-none-eabi-gcc -o "CAN_RX_NIZAR.elf" @"objects.list"   -mcpu=cortex-m3 -T"C:\Users\TS\STM32CubeIDE\workspace_CAN\CAN_RX_NIZAR\STM32F103C8TX_FLASH.ld" --specs=nosys.specs -Wl,-Map="CAN_RX_NIZAR.map" -Wl,--gc-sections -static --specs=nano.specs -mfloat-abi=soft -mthumb -Wl,--start-group -lc -lm -Wl,--end-group
Finished building target: CAN_RX_NIZAR.elf
 
arm-none-eabi-size  CAN_RX_NIZAR.elf 
arm-none-eabi-objdump -h -S CAN_RX_NIZAR.elf  > "CAN_RX_NIZAR.list"
   text	   data	    bss	    dec	    hex	filename
   9660	     28	   1740	  11428	   2ca4	CAN_RX_NIZAR.elf
Finished building: default.size.stdout
 
Finished building: CAN_RX_NIZAR.list
 
14:01:05 **** Incremental Build of configuration Debug for project CAN_RX_NIZAR ****
make -j8 all 
arm-none-eabi-size  CAN_RX_NIZAR.elf 
   text	   data	    bss	    dec	    hex	filename
   9660	     28	   1740	  11428	   2ca4	CAN_RX_NIZAR.elf
Finished building: default.size.stdout
 
14:01:46 **** Incremental Build of configuration Debug for project TUT_CAN_LOOPBACK ****
make -j8 all 
arm-none-eabi-size  TUT_CAN_LOOPBACK.elf 
   text	   data	    bss	    dec	    hex	filename
   9788	     28	   1740	  11556	   2d24	TUT_CAN_LOOPBACK.elf
Finished building: default.size.stdout
 
14:05:05 **** Incremental Build of configuration Debug for project CAN_RX_NIZAR ****
make -j8 all 
arm-none-eabi-size  CAN_RX_NIZAR.elf 
   text	   data	    bss	    dec	    hex	filename
   9660	     28	   1740	  11428	   2ca4	CAN_RX_NIZAR.elf
Finished building: default.size.stdout
 
14:06:57 **** Incremental Build of configuration Debug for project CAN_TX_NIZAR ****
make -j8 all 
arm-none-eabi-gcc "../Core/Src/main.c" -mcpu=cortex-m3 -std=gnu11 -g3 -DDEBUG -DUSE_HAL_DRIVER -DSTM32F103xB -c -I../Core/Inc -I../Drivers/STM32F1xx_HAL_Driver/Inc/Legacy -I../Drivers/STM32F1xx_HAL_Driver/Inc -I../Drivers/CMSIS/Device/ST/STM32F1xx/Include -I../Drivers/CMSIS/Include -O0 -ffunction-sections -fdata-sections -Wall -fstack-usage -fcyclomatic-complexity -MMD -MP -MF"Core/Src/main.d" -MT"Core/Src/main.o" --specs=nano.specs -mfloat-abi=soft -mthumb -o "Core/Src/main.o"
arm-none-eabi-gcc -o "CAN_TX_NIZAR.elf" @"objects.list"   -mcpu=cortex-m3 -T"C:\Users\TS\STM32CubeIDE\workspace_CAN\CAN_TX_NIZAR\STM32F103C8TX_FLASH.ld" --specs=nosys.specs -Wl,-Map="CAN_TX_NIZAR.map" -Wl,--gc-sections -static --specs=nano.specs -mfloat-abi=soft -mthumb -u _printf_float -u _scanf_float -Wl,--start-group -lc -lm -Wl,--end-group
Finished building target: CAN_TX_NIZAR.elf
 
arm-none-eabi-size  CAN_TX_NIZAR.elf 
arm-none-eabi-objdump -h -S CAN_TX_NIZAR.elf  > "CAN_TX_NIZAR.list"
   text	   data	    bss	    dec	    hex	filename
  31904	    476	   2076	  34456	   8698	CAN_TX_NIZAR.elf
Finished building: default.size.stdout
 
Finished building: CAN_TX_NIZAR.list
 
14:08:07 **** Incremental Build of configuration Debug for project TUT_CAN_LOOPBACK ****
make -j8 all 
arm-none-eabi-size  TUT_CAN_LOOPBACK.elf 
   text	   data	    bss	    dec	    hex	filename
   9788	     28	   1740	  11556	   2d24	TUT_CAN_LOOPBACK.elf
Finished building: default.size.stdout
 
14:11:53 **** Incremental Build of configuration Debug for project CAN_TX_NIZAR ****
make -j8 all 
arm-none-eabi-gcc "../Core/Src/main.c" -mcpu=cortex-m3 -std=gnu11 -g3 -DDEBUG -DUSE_HAL_DRIVER -DSTM32F103xB -c -I../Core/Inc -I../Drivers/STM32F1xx_HAL_Driver/Inc/Legacy -I../Drivers/STM32F1xx_HAL_Driver/Inc -I../Drivers/CMSIS/Device/ST/STM32F1xx/Include -I../Drivers/CMSIS/Include -O0 -ffunction-sections -fdata-sections -Wall -fstack-usage -fcyclomatic-complexity -MMD -MP -MF"Core/Src/main.d" -MT"Core/Src/main.o" --specs=nano.specs -mfloat-abi=soft -mthumb -o "Core/Src/main.o"
arm-none-eabi-gcc -o "CAN_TX_NIZAR.elf" @"objects.list"   -mcpu=cortex-m3 -T"C:\Users\TS\STM32CubeIDE\workspace_CAN\CAN_TX_NIZAR\STM32F103C8TX_FLASH.ld" --specs=nosys.specs -Wl,-Map="CAN_TX_NIZAR.map" -Wl,--gc-sections -static --specs=nano.specs -mfloat-abi=soft -mthumb -u _printf_float -u _scanf_float -Wl,--start-group -lc -lm -Wl,--end-group
Finished building target: CAN_TX_NIZAR.elf
 
arm-none-eabi-size  CAN_TX_NIZAR.elf 
arm-none-eabi-objdump -h -S CAN_TX_NIZAR.elf  > "CAN_TX_NIZAR.list"
   text	   data	    bss	    dec	    hex	filename
  31912	    476	   2076	  34464	   86a0	CAN_TX_NIZAR.elf
Finished building: default.size.stdout
 
Finished building: CAN_TX_NIZAR.list
 
14:22:15 **** Incremental Build of configuration Debug for project CAN_RX_NIZAR ****
make -j8 all 
arm-none-eabi-gcc "../Core/Src/main.c" -mcpu=cortex-m3 -std=gnu11 -g3 -DDEBUG -DUSE_HAL_DRIVER -DSTM32F103xB -c -I../Core/Inc -I../Drivers/STM32F1xx_HAL_Driver/Inc/Legacy -I../Drivers/STM32F1xx_HAL_Driver/Inc -I../Drivers/CMSIS/Device/ST/STM32F1xx/Include -I../Drivers/CMSIS/Include -O0 -ffunction-sections -fdata-sections -Wall -fstack-usage -fcyclomatic-complexity -MMD -MP -MF"Core/Src/main.d" -MT"Core/Src/main.o" --specs=nano.specs -mfloat-abi=soft -mthumb -o "Core/Src/main.o"
arm-none-eabi-gcc -o "CAN_RX_NIZAR.elf" @"objects.list"   -mcpu=cortex-m3 -T"C:\Users\TS\STM32CubeIDE\workspace_CAN\CAN_RX_NIZAR\STM32F103C8TX_FLASH.ld" --specs=nosys.specs -Wl,-Map="CAN_RX_NIZAR.map" -Wl,--gc-sections -static --specs=nano.specs -mfloat-abi=soft -mthumb -Wl,--start-group -lc -lm -Wl,--end-group
Finished building target: CAN_RX_NIZAR.elf
 
arm-none-eabi-size  CAN_RX_NIZAR.elf 
arm-none-eabi-objdump -h -S CAN_RX_NIZAR.elf  > "CAN_RX_NIZAR.list"
   text	   data	    bss	    dec	    hex	filename
  10112	     28	   1748	  11888	   2e70	CAN_RX_NIZAR.elf
Finished building: default.size.stdout
 
Finished building: CAN_RX_NIZAR.list
 
14:34:20 **** Incremental Build of configuration Debug for project TUT_CAN_LOOPBACK ****
make -j8 all 
arm-none-eabi-gcc "../Core/Src/main.c" -mcpu=cortex-m3 -std=gnu11 -g3 -DDEBUG -DUSE_HAL_DRIVER -DSTM32F103xB -c -I../Core/Inc -I../Drivers/STM32F1xx_HAL_Driver/Inc -I../Drivers/STM32F1xx_HAL_Driver/Inc/Legacy -I../Drivers/CMSIS/Device/ST/STM32F1xx/Include -I../Drivers/CMSIS/Include -O0 -ffunction-sections -fdata-sections -Wall -fstack-usage -fcyclomatic-complexity -MMD -MP -MF"Core/Src/main.d" -MT"Core/Src/main.o" --specs=nano.specs -mfloat-abi=soft -mthumb -o "Core/Src/main.o"
arm-none-eabi-gcc -o "TUT_CAN_LOOPBACK.elf" @"objects.list"   -mcpu=cortex-m3 -T"C:\Users\TS\STM32CubeIDE\workspace_CAN\TUT_CAN_LOOPBACK\STM32F103C8TX_FLASH.ld" --specs=nosys.specs -Wl,-Map="TUT_CAN_LOOPBACK.map" -Wl,--gc-sections -static --specs=nano.specs -mfloat-abi=soft -mthumb -Wl,--start-group -lc -lm -Wl,--end-group
Finished building target: TUT_CAN_LOOPBACK.elf
 
arm-none-eabi-size  TUT_CAN_LOOPBACK.elf 
arm-none-eabi-objdump -h -S TUT_CAN_LOOPBACK.elf  > "TUT_CAN_LOOPBACK.list"
   text	   data	    bss	    dec	    hex	filename
   9784	     28	   1740	  11552	   2d20	TUT_CAN_LOOPBACK.elf
Finished building: default.size.stdout
 
Finished building: TUT_CAN_LOOPBACK.list
 
14:36:43 **** Incremental Build of configuration Debug for project TUT_CAN_LOOPBACK ****
make -j8 all 
arm-none-eabi-gcc "../Core/Src/main.c" -mcpu=cortex-m3 -std=gnu11 -g3 -DDEBUG -DUSE_HAL_DRIVER -DSTM32F103xB -c -I../Core/Inc -I../Drivers/STM32F1xx_HAL_Driver/Inc -I../Drivers/STM32F1xx_HAL_Driver/Inc/Legacy -I../Drivers/CMSIS/Device/ST/STM32F1xx/Include -I../Drivers/CMSIS/Include -O0 -ffunction-sections -fdata-sections -Wall -fstack-usage -fcyclomatic-complexity -MMD -MP -MF"Core/Src/main.d" -MT"Core/Src/main.o" --specs=nano.specs -mfloat-abi=soft -mthumb -o "Core/Src/main.o"
arm-none-eabi-gcc -o "TUT_CAN_LOOPBACK.elf" @"objects.list"   -mcpu=cortex-m3 -T"C:\Users\TS\STM32CubeIDE\workspace_CAN\TUT_CAN_LOOPBACK\STM32F103C8TX_FLASH.ld" --specs=nosys.specs -Wl,-Map="TUT_CAN_LOOPBACK.map" -Wl,--gc-sections -static --specs=nano.specs -mfloat-abi=soft -mthumb -Wl,--start-group -lc -lm -Wl,--end-group
Finished building target: TUT_CAN_LOOPBACK.elf
 
arm-none-eabi-size  TUT_CAN_LOOPBACK.elf 
arm-none-eabi-objdump -h -S TUT_CAN_LOOPBACK.elf  > "TUT_CAN_LOOPBACK.list"
   text	   data	    bss	    dec	    hex	filename
   9760	     28	   1740	  11528	   2d08	TUT_CAN_LOOPBACK.elf
Finished building: default.size.stdout
 
Finished building: TUT_CAN_LOOPBACK.list
 
14:38:22 **** Incremental Build of configuration Debug for project TUT_CAN_LOOPBACK ****
make -j8 all 
arm-none-eabi-gcc "../Core/Src/main.c" -mcpu=cortex-m3 -std=gnu11 -g3 -DDEBUG -DUSE_HAL_DRIVER -DSTM32F103xB -c -I../Core/Inc -I../Drivers/STM32F1xx_HAL_Driver/Inc -I../Drivers/STM32F1xx_HAL_Driver/Inc/Legacy -I../Drivers/CMSIS/Device/ST/STM32F1xx/Include -I../Drivers/CMSIS/Include -O0 -ffunction-sections -fdata-sections -Wall -fstack-usage -fcyclomatic-complexity -MMD -MP -MF"Core/Src/main.d" -MT"Core/Src/main.o" --specs=nano.specs -mfloat-abi=soft -mthumb -o "Core/Src/main.o"
arm-none-eabi-gcc -o "TUT_CAN_LOOPBACK.elf" @"objects.list"   -mcpu=cortex-m3 -T"C:\Users\TS\STM32CubeIDE\workspace_CAN\TUT_CAN_LOOPBACK\STM32F103C8TX_FLASH.ld" --specs=nosys.specs -Wl,-Map="TUT_CAN_LOOPBACK.map" -Wl,--gc-sections -static --specs=nano.specs -mfloat-abi=soft -mthumb -Wl,--start-group -lc -lm -Wl,--end-group
Finished building target: TUT_CAN_LOOPBACK.elf
 
arm-none-eabi-size  TUT_CAN_LOOPBACK.elf 
arm-none-eabi-objdump -h -S TUT_CAN_LOOPBACK.elf  > "TUT_CAN_LOOPBACK.list"
   text	   data	    bss	    dec	    hex	filename
   9760	     28	   1740	  11528	   2d08	TUT_CAN_LOOPBACK.elf
Finished building: default.size.stdout
 
Finished building: TUT_CAN_LOOPBACK.list
 
14:39:28 **** Incremental Build of configuration Debug for project TUT_CAN_LOOPBACK ****
make -j8 all 
arm-none-eabi-gcc "../Core/Src/main.c" -mcpu=cortex-m3 -std=gnu11 -g3 -DDEBUG -DUSE_HAL_DRIVER -DSTM32F103xB -c -I../Core/Inc -I../Drivers/STM32F1xx_HAL_Driver/Inc -I../Drivers/STM32F1xx_HAL_Driver/Inc/Legacy -I../Drivers/CMSIS/Device/ST/STM32F1xx/Include -I../Drivers/CMSIS/Include -O0 -ffunction-sections -fdata-sections -Wall -fstack-usage -fcyclomatic-complexity -MMD -MP -MF"Core/Src/main.d" -MT"Core/Src/main.o" --specs=nano.specs -mfloat-abi=soft -mthumb -o "Core/Src/main.o"
arm-none-eabi-gcc -o "TUT_CAN_LOOPBACK.elf" @"objects.list"   -mcpu=cortex-m3 -T"C:\Users\TS\STM32CubeIDE\workspace_CAN\TUT_CAN_LOOPBACK\STM32F103C8TX_FLASH.ld" --specs=nosys.specs -Wl,-Map="TUT_CAN_LOOPBACK.map" -Wl,--gc-sections -static --specs=nano.specs -mfloat-abi=soft -mthumb -Wl,--start-group -lc -lm -Wl,--end-group
Finished building target: TUT_CAN_LOOPBACK.elf
 
arm-none-eabi-size  TUT_CAN_LOOPBACK.elf 
arm-none-eabi-objdump -h -S TUT_CAN_LOOPBACK.elf  > "TUT_CAN_LOOPBACK.list"
   text	   data	    bss	    dec	    hex	filename
   9760	     28	   1740	  11528	   2d08	TUT_CAN_LOOPBACK.elf
Finished building: default.size.stdout
 
Finished building: TUT_CAN_LOOPBACK.list
 
14:40:58 **** Incremental Build of configuration Debug for project TUT_CAN_LOOPBACK ****
make -j8 all 
arm-none-eabi-gcc "../Core/Src/main.c" -mcpu=cortex-m3 -std=gnu11 -g3 -DDEBUG -DUSE_HAL_DRIVER -DSTM32F103xB -c -I../Core/Inc -I../Drivers/STM32F1xx_HAL_Driver/Inc -I../Drivers/STM32F1xx_HAL_Driver/Inc/Legacy -I../Drivers/CMSIS/Device/ST/STM32F1xx/Include -I../Drivers/CMSIS/Include -O0 -ffunction-sections -fdata-sections -Wall -fstack-usage -fcyclomatic-complexity -MMD -MP -MF"Core/Src/main.d" -MT"Core/Src/main.o" --specs=nano.specs -mfloat-abi=soft -mthumb -o "Core/Src/main.o"
arm-none-eabi-gcc -o "TUT_CAN_LOOPBACK.elf" @"objects.list"   -mcpu=cortex-m3 -T"C:\Users\TS\STM32CubeIDE\workspace_CAN\TUT_CAN_LOOPBACK\STM32F103C8TX_FLASH.ld" --specs=nosys.specs -Wl,-Map="TUT_CAN_LOOPBACK.map" -Wl,--gc-sections -static --specs=nano.specs -mfloat-abi=soft -mthumb -Wl,--start-group -lc -lm -Wl,--end-group
Finished building target: TUT_CAN_LOOPBACK.elf
 
arm-none-eabi-size  TUT_CAN_LOOPBACK.elf 
arm-none-eabi-objdump -h -S TUT_CAN_LOOPBACK.elf  > "TUT_CAN_LOOPBACK.list"
   text	   data	    bss	    dec	    hex	filename
   9760	     28	   1740	  11528	   2d08	TUT_CAN_LOOPBACK.elf
Finished building: default.size.stdout
 
Finished building: TUT_CAN_LOOPBACK.list
 
14:45:07 **** Incremental Build of configuration Debug for project TUT_CAN_LOOPBACK ****
make -j8 all 
arm-none-eabi-gcc "../Core/Src/main.c" -mcpu=cortex-m3 -std=gnu11 -g3 -DDEBUG -DUSE_HAL_DRIVER -DSTM32F103xB -c -I../Core/Inc -I../Drivers/STM32F1xx_HAL_Driver/Inc -I../Drivers/STM32F1xx_HAL_Driver/Inc/Legacy -I../Drivers/CMSIS/Device/ST/STM32F1xx/Include -I../Drivers/CMSIS/Include -O0 -ffunction-sections -fdata-sections -Wall -fstack-usage -fcyclomatic-complexity -MMD -MP -MF"Core/Src/main.d" -MT"Core/Src/main.o" --specs=nano.specs -mfloat-abi=soft -mthumb -o "Core/Src/main.o"
arm-none-eabi-gcc -o "TUT_CAN_LOOPBACK.elf" @"objects.list"   -mcpu=cortex-m3 -T"C:\Users\TS\STM32CubeIDE\workspace_CAN\TUT_CAN_LOOPBACK\STM32F103C8TX_FLASH.ld" --specs=nosys.specs -Wl,-Map="TUT_CAN_LOOPBACK.map" -Wl,--gc-sections -static --specs=nano.specs -mfloat-abi=soft -mthumb -Wl,--start-group -lc -lm -Wl,--end-group
Finished building target: TUT_CAN_LOOPBACK.elf
 
arm-none-eabi-size  TUT_CAN_LOOPBACK.elf 
arm-none-eabi-objdump -h -S TUT_CAN_LOOPBACK.elf  > "TUT_CAN_LOOPBACK.list"
   text	   data	    bss	    dec	    hex	filename
   9764	     28	   1740	  11532	   2d0c	TUT_CAN_LOOPBACK.elf
Finished building: default.size.stdout
 
Finished building: TUT_CAN_LOOPBACK.list
 
14:46:09 **** Incremental Build of configuration Debug for project TUT_CAN_LOOPBACK ****
make -j8 all 
arm-none-eabi-gcc "../Core/Src/main.c" -mcpu=cortex-m3 -std=gnu11 -g3 -DDEBUG -DUSE_HAL_DRIVER -DSTM32F103xB -c -I../Core/Inc -I../Drivers/STM32F1xx_HAL_Driver/Inc -I../Drivers/STM32F1xx_HAL_Driver/Inc/Legacy -I../Drivers/CMSIS/Device/ST/STM32F1xx/Include -I../Drivers/CMSIS/Include -O0 -ffunction-sections -fdata-sections -Wall -fstack-usage -fcyclomatic-complexity -MMD -MP -MF"Core/Src/main.d" -MT"Core/Src/main.o" --specs=nano.specs -mfloat-abi=soft -mthumb -o "Core/Src/main.o"
arm-none-eabi-gcc -o "TUT_CAN_LOOPBACK.elf" @"objects.list"   -mcpu=cortex-m3 -T"C:\Users\TS\STM32CubeIDE\workspace_CAN\TUT_CAN_LOOPBACK\STM32F103C8TX_FLASH.ld" --specs=nosys.specs -Wl,-Map="TUT_CAN_LOOPBACK.map" -Wl,--gc-sections -static --specs=nano.specs -mfloat-abi=soft -mthumb -Wl,--start-group -lc -lm -Wl,--end-group
Finished building target: TUT_CAN_LOOPBACK.elf
 
arm-none-eabi-size  TUT_CAN_LOOPBACK.elf 
arm-none-eabi-objdump -h -S TUT_CAN_LOOPBACK.elf  > "TUT_CAN_LOOPBACK.list"
   text	   data	    bss	    dec	    hex	filename
   9764	     28	   1740	  11532	   2d0c	TUT_CAN_LOOPBACK.elf
Finished building: default.size.stdout
 
Finished building: TUT_CAN_LOOPBACK.list
 
14:46:42 **** Incremental Build of configuration Debug for project TUT_CAN_LOOPBACK ****
make -j8 all 
arm-none-eabi-gcc "../Core/Src/main.c" -mcpu=cortex-m3 -std=gnu11 -g3 -DDEBUG -DUSE_HAL_DRIVER -DSTM32F103xB -c -I../Core/Inc -I../Drivers/STM32F1xx_HAL_Driver/Inc -I../Drivers/STM32F1xx_HAL_Driver/Inc/Legacy -I../Drivers/CMSIS/Device/ST/STM32F1xx/Include -I../Drivers/CMSIS/Include -O0 -ffunction-sections -fdata-sections -Wall -fstack-usage -fcyclomatic-complexity -MMD -MP -MF"Core/Src/main.d" -MT"Core/Src/main.o" --specs=nano.specs -mfloat-abi=soft -mthumb -o "Core/Src/main.o"
arm-none-eabi-gcc -o "TUT_CAN_LOOPBACK.elf" @"objects.list"   -mcpu=cortex-m3 -T"C:\Users\TS\STM32CubeIDE\workspace_CAN\TUT_CAN_LOOPBACK\STM32F103C8TX_FLASH.ld" --specs=nosys.specs -Wl,-Map="TUT_CAN_LOOPBACK.map" -Wl,--gc-sections -static --specs=nano.specs -mfloat-abi=soft -mthumb -Wl,--start-group -lc -lm -Wl,--end-group
Finished building target: TUT_CAN_LOOPBACK.elf
 
arm-none-eabi-size  TUT_CAN_LOOPBACK.elf 
arm-none-eabi-objdump -h -S TUT_CAN_LOOPBACK.elf  > "TUT_CAN_LOOPBACK.list"
   text	   data	    bss	    dec	    hex	filename
   9764	     28	   1740	  11532	   2d0c	TUT_CAN_LOOPBACK.elf
Finished building: default.size.stdout
 
Finished building: TUT_CAN_LOOPBACK.list
 
14:50:14 **** Incremental Build of configuration Debug for project TUT_CAN_LOOPBACK ****
make -j8 all 
arm-none-eabi-gcc "../Core/Src/main.c" -mcpu=cortex-m3 -std=gnu11 -g3 -DDEBUG -DUSE_HAL_DRIVER -DSTM32F103xB -c -I../Core/Inc -I../Drivers/STM32F1xx_HAL_Driver/Inc -I../Drivers/STM32F1xx_HAL_Driver/Inc/Legacy -I../Drivers/CMSIS/Device/ST/STM32F1xx/Include -I../Drivers/CMSIS/Include -O0 -ffunction-sections -fdata-sections -Wall -fstack-usage -fcyclomatic-complexity -MMD -MP -MF"Core/Src/main.d" -MT"Core/Src/main.o" --specs=nano.specs -mfloat-abi=soft -mthumb -o "Core/Src/main.o"
arm-none-eabi-gcc -o "TUT_CAN_LOOPBACK.elf" @"objects.list"   -mcpu=cortex-m3 -T"C:\Users\TS\STM32CubeIDE\workspace_CAN\TUT_CAN_LOOPBACK\STM32F103C8TX_FLASH.ld" --specs=nosys.specs -Wl,-Map="TUT_CAN_LOOPBACK.map" -Wl,--gc-sections -static --specs=nano.specs -mfloat-abi=soft -mthumb -Wl,--start-group -lc -lm -Wl,--end-group
Finished building target: TUT_CAN_LOOPBACK.elf
 
arm-none-eabi-size  TUT_CAN_LOOPBACK.elf 
arm-none-eabi-objdump -h -S TUT_CAN_LOOPBACK.elf  > "TUT_CAN_LOOPBACK.list"
   text	   data	    bss	    dec	    hex	filename
   9776	     28	   1740	  11544	   2d18	TUT_CAN_LOOPBACK.elf
Finished building: default.size.stdout
 
Finished building: TUT_CAN_LOOPBACK.list
 
15:55:21 **** Incremental Build of configuration Debug for project TUT_CAN_LOOPBACK ****
make -j8 all 
arm-none-eabi-gcc "../Core/Src/main.c" -mcpu=cortex-m3 -std=gnu11 -g3 -DDEBUG -DUSE_HAL_DRIVER -DSTM32F103xB -c -I../Core/Inc -I../Drivers/STM32F1xx_HAL_Driver/Inc -I../Drivers/STM32F1xx_HAL_Driver/Inc/Legacy -I../Drivers/CMSIS/Device/ST/STM32F1xx/Include -I../Drivers/CMSIS/Include -O0 -ffunction-sections -fdata-sections -Wall -fstack-usage -fcyclomatic-complexity -MMD -MP -MF"Core/Src/main.d" -MT"Core/Src/main.o" --specs=nano.specs -mfloat-abi=soft -mthumb -o "Core/Src/main.o"
../Core/Src/main.c: In function 'MX_CAN_Init':
../Core/Src/main.c:207:19: error: 'CAN_FilterTypeDef' has no member named 'FilterIdH'; did you mean 'FilterIdHigh'?
  207 |     sFilterConfig.FilterIdH
      |                   ^~~~~~~~~
      |                   FilterIdHigh
../Core/Src/main.c:207:28: error: expected ';' before 'igh'
  207 |     sFilterConfig.FilterIdH
      |                            ^
      |                            ;
  208 |         igh = 0x0123<<5;
      |         ~~~                 
make: *** [Core/Src/subdir.mk:34: Core/Src/main.o] Error 1
"make -j8 all" terminated with exit code 2. Build might be incomplete.
15:55:33 **** Incremental Build of configuration Debug for project TUT_CAN_LOOPBACK ****
make -j8 all 
arm-none-eabi-gcc "../Core/Src/main.c" -mcpu=cortex-m3 -std=gnu11 -g3 -DDEBUG -DUSE_HAL_DRIVER -DSTM32F103xB -c -I../Core/Inc -I../Drivers/STM32F1xx_HAL_Driver/Inc -I../Drivers/STM32F1xx_HAL_Driver/Inc/Legacy -I../Drivers/CMSIS/Device/ST/STM32F1xx/Include -I../Drivers/CMSIS/Include -O0 -ffunction-sections -fdata-sections -Wall -fstack-usage -fcyclomatic-complexity -MMD -MP -MF"Core/Src/main.d" -MT"Core/Src/main.o" --specs=nano.specs -mfloat-abi=soft -mthumb -o "Core/Src/main.o"
arm-none-eabi-gcc -o "TUT_CAN_LOOPBACK.elf" @"objects.list"   -mcpu=cortex-m3 -T"C:\Users\TS\STM32CubeIDE\workspace_CAN\TUT_CAN_LOOPBACK\STM32F103C8TX_FLASH.ld" --specs=nosys.specs -Wl,-Map="TUT_CAN_LOOPBACK.map" -Wl,--gc-sections -static --specs=nano.specs -mfloat-abi=soft -mthumb -Wl,--start-group -lc -lm -Wl,--end-group
Finished building target: TUT_CAN_LOOPBACK.elf
 
arm-none-eabi-size  TUT_CAN_LOOPBACK.elf 
arm-none-eabi-objdump -h -S TUT_CAN_LOOPBACK.elf  > "TUT_CAN_LOOPBACK.list"
   text	   data	    bss	    dec	    hex	filename
   9776	     28	   1740	  11544	   2d18	TUT_CAN_LOOPBACK.elf
Finished building: default.size.stdout
 
Finished building: TUT_CAN_LOOPBACK.list
 
22:23:01 **** Build of configuration Debug for project CAN_TAPIT ****
make -j8 all 
arm-none-eabi-gcc "../Drivers/STM32F1xx_HAL_Driver/Src/stm32f1xx_hal.c" -mcpu=cortex-m3 -std=gnu11 -g3 -DDEBUG -DUSE_HAL_DRIVER -DSTM32F103xB -c -I../Core/Inc -I../Drivers/STM32F1xx_HAL_Driver/Inc/Legacy -I../Drivers/STM32F1xx_HAL_Driver/Inc -I../Drivers/CMSIS/Device/ST/STM32F1xx/Include -I../Drivers/CMSIS/Include -O0 -ffunction-sections -fdata-sections -Wall -fstack-usage -fcyclomatic-complexity -MMD -MP -MF"Drivers/STM32F1xx_HAL_Driver/Src/stm32f1xx_hal.d" -MT"Drivers/STM32F1xx_HAL_Driver/Src/stm32f1xx_hal.o" --specs=nano.specs -mfloat-abi=soft -mthumb -o "Drivers/STM32F1xx_HAL_Driver/Src/stm32f1xx_hal.o"
arm-none-eabi-gcc "../Drivers/STM32F1xx_HAL_Driver/Src/stm32f1xx_hal_can.c" -mcpu=cortex-m3 -std=gnu11 -g3 -DDEBUG -DUSE_HAL_DRIVER -DSTM32F103xB -c -I../Core/Inc -I../Drivers/STM32F1xx_HAL_Driver/Inc/Legacy -I../Drivers/STM32F1xx_HAL_Driver/Inc -I../Drivers/CMSIS/Device/ST/STM32F1xx/Include -I../Drivers/CMSIS/Include -O0 -ffunction-sections -fdata-sections -Wall -fstack-usage -fcyclomatic-complexity -MMD -MP -MF"Drivers/STM32F1xx_HAL_Driver/Src/stm32f1xx_hal_can.d" -MT"Drivers/STM32F1xx_HAL_Driver/Src/stm32f1xx_hal_can.o" --specs=nano.specs -mfloat-abi=soft -mthumb -o "Drivers/STM32F1xx_HAL_Driver/Src/stm32f1xx_hal_can.o"
arm-none-eabi-gcc "../Drivers/STM32F1xx_HAL_Driver/Src/stm32f1xx_hal_cortex.c" -mcpu=cortex-m3 -std=gnu11 -g3 -DDEBUG -DUSE_HAL_DRIVER -DSTM32F103xB -c -I../Core/Inc -I../Drivers/STM32F1xx_HAL_Driver/Inc/Legacy -I../Drivers/STM32F1xx_HAL_Driver/Inc -I../Drivers/CMSIS/Device/ST/STM32F1xx/Include -I../Drivers/CMSIS/Include -O0 -ffunction-sections -fdata-sections -Wall -fstack-usage -fcyclomatic-complexity -MMD -MP -MF"Drivers/STM32F1xx_HAL_Driver/Src/stm32f1xx_hal_cortex.d" -MT"Drivers/STM32F1xx_HAL_Driver/Src/stm32f1xx_hal_cortex.o" --specs=nano.specs -mfloat-abi=soft -mthumb -o "Drivers/STM32F1xx_HAL_Driver/Src/stm32f1xx_hal_cortex.o"
arm-none-eabi-gcc "../Drivers/STM32F1xx_HAL_Driver/Src/stm32f1xx_hal_dma.c" -mcpu=cortex-m3 -std=gnu11 -g3 -DDEBUG -DUSE_HAL_DRIVER -DSTM32F103xB -c -I../Core/Inc -I../Drivers/STM32F1xx_HAL_Driver/Inc/Legacy -I../Drivers/STM32F1xx_HAL_Driver/Inc -I../Drivers/CMSIS/Device/ST/STM32F1xx/Include -I../Drivers/CMSIS/Include -O0 -ffunction-sections -fdata-sections -Wall -fstack-usage -fcyclomatic-complexity -MMD -MP -MF"Drivers/STM32F1xx_HAL_Driver/Src/stm32f1xx_hal_dma.d" -MT"Drivers/STM32F1xx_HAL_Driver/Src/stm32f1xx_hal_dma.o" --specs=nano.specs -mfloat-abi=soft -mthumb -o "Drivers/STM32F1xx_HAL_Driver/Src/stm32f1xx_hal_dma.o"
arm-none-eabi-gcc "../Drivers/STM32F1xx_HAL_Driver/Src/stm32f1xx_hal_exti.c" -mcpu=cortex-m3 -std=gnu11 -g3 -DDEBUG -DUSE_HAL_DRIVER -DSTM32F103xB -c -I../Core/Inc -I../Drivers/STM32F1xx_HAL_Driver/Inc/Legacy -I../Drivers/STM32F1xx_HAL_Driver/Inc -I../Drivers/CMSIS/Device/ST/STM32F1xx/Include -I../Drivers/CMSIS/Include -O0 -ffunction-sections -fdata-sections -Wall -fstack-usage -fcyclomatic-complexity -MMD -MP -MF"Drivers/STM32F1xx_HAL_Driver/Src/stm32f1xx_hal_exti.d" -MT"Drivers/STM32F1xx_HAL_Driver/Src/stm32f1xx_hal_exti.o" --specs=nano.specs -mfloat-abi=soft -mthumb -o "Drivers/STM32F1xx_HAL_Driver/Src/stm32f1xx_hal_exti.o"
arm-none-eabi-gcc "../Drivers/STM32F1xx_HAL_Driver/Src/stm32f1xx_hal_flash.c" -mcpu=cortex-m3 -std=gnu11 -g3 -DDEBUG -DUSE_HAL_DRIVER -DSTM32F103xB -c -I../Core/Inc -I../Drivers/STM32F1xx_HAL_Driver/Inc/Legacy -I../Drivers/STM32F1xx_HAL_Driver/Inc -I../Drivers/CMSIS/Device/ST/STM32F1xx/Include -I../Drivers/CMSIS/Include -O0 -ffunction-sections -fdata-sections -Wall -fstack-usage -fcyclomatic-complexity -MMD -MP -MF"Drivers/STM32F1xx_HAL_Driver/Src/stm32f1xx_hal_flash.d" -MT"Drivers/STM32F1xx_HAL_Driver/Src/stm32f1xx_hal_flash.o" --specs=nano.specs -mfloat-abi=soft -mthumb -o "Drivers/STM32F1xx_HAL_Driver/Src/stm32f1xx_hal_flash.o"
arm-none-eabi-gcc "../Drivers/STM32F1xx_HAL_Driver/Src/stm32f1xx_hal_flash_ex.c" -mcpu=cortex-m3 -std=gnu11 -g3 -DDEBUG -DUSE_HAL_DRIVER -DSTM32F103xB -c -I../Core/Inc -I../Drivers/STM32F1xx_HAL_Driver/Inc/Legacy -I../Drivers/STM32F1xx_HAL_Driver/Inc -I../Drivers/CMSIS/Device/ST/STM32F1xx/Include -I../Drivers/CMSIS/Include -O0 -ffunction-sections -fdata-sections -Wall -fstack-usage -fcyclomatic-complexity -MMD -MP -MF"Drivers/STM32F1xx_HAL_Driver/Src/stm32f1xx_hal_flash_ex.d" -MT"Drivers/STM32F1xx_HAL_Driver/Src/stm32f1xx_hal_flash_ex.o" --specs=nano.specs -mfloat-abi=soft -mthumb -o "Drivers/STM32F1xx_HAL_Driver/Src/stm32f1xx_hal_flash_ex.o"
arm-none-eabi-gcc "../Drivers/STM32F1xx_HAL_Driver/Src/stm32f1xx_hal_gpio.c" -mcpu=cortex-m3 -std=gnu11 -g3 -DDEBUG -DUSE_HAL_DRIVER -DSTM32F103xB -c -I../Core/Inc -I../Drivers/STM32F1xx_HAL_Driver/Inc/Legacy -I../Drivers/STM32F1xx_HAL_Driver/Inc -I../Drivers/CMSIS/Device/ST/STM32F1xx/Include -I../Drivers/CMSIS/Include -O0 -ffunction-sections -fdata-sections -Wall -fstack-usage -fcyclomatic-complexity -MMD -MP -MF"Drivers/STM32F1xx_HAL_Driver/Src/stm32f1xx_hal_gpio.d" -MT"Drivers/STM32F1xx_HAL_Driver/Src/stm32f1xx_hal_gpio.o" --specs=nano.specs -mfloat-abi=soft -mthumb -o "Drivers/STM32F1xx_HAL_Driver/Src/stm32f1xx_hal_gpio.o"
arm-none-eabi-gcc "../Drivers/STM32F1xx_HAL_Driver/Src/stm32f1xx_hal_gpio_ex.c" -mcpu=cortex-m3 -std=gnu11 -g3 -DDEBUG -DUSE_HAL_DRIVER -DSTM32F103xB -c -I../Core/Inc -I../Drivers/STM32F1xx_HAL_Driver/Inc/Legacy -I../Drivers/STM32F1xx_HAL_Driver/Inc -I../Drivers/CMSIS/Device/ST/STM32F1xx/Include -I../Drivers/CMSIS/Include -O0 -ffunction-sections -fdata-sections -Wall -fstack-usage -fcyclomatic-complexity -MMD -MP -MF"Drivers/STM32F1xx_HAL_Driver/Src/stm32f1xx_hal_gpio_ex.d" -MT"Drivers/STM32F1xx_HAL_Driver/Src/stm32f1xx_hal_gpio_ex.o" --specs=nano.specs -mfloat-abi=soft -mthumb -o "Drivers/STM32F1xx_HAL_Driver/Src/stm32f1xx_hal_gpio_ex.o"
arm-none-eabi-gcc "../Drivers/STM32F1xx_HAL_Driver/Src/stm32f1xx_hal_pwr.c" -mcpu=cortex-m3 -std=gnu11 -g3 -DDEBUG -DUSE_HAL_DRIVER -DSTM32F103xB -c -I../Core/Inc -I../Drivers/STM32F1xx_HAL_Driver/Inc/Legacy -I../Drivers/STM32F1xx_HAL_Driver/Inc -I../Drivers/CMSIS/Device/ST/STM32F1xx/Include -I../Drivers/CMSIS/Include -O0 -ffunction-sections -fdata-sections -Wall -fstack-usage -fcyclomatic-complexity -MMD -MP -MF"Drivers/STM32F1xx_HAL_Driver/Src/stm32f1xx_hal_pwr.d" -MT"Drivers/STM32F1xx_HAL_Driver/Src/stm32f1xx_hal_pwr.o" --specs=nano.specs -mfloat-abi=soft -mthumb -o "Drivers/STM32F1xx_HAL_Driver/Src/stm32f1xx_hal_pwr.o"
arm-none-eabi-gcc "../Drivers/STM32F1xx_HAL_Driver/Src/stm32f1xx_hal_rcc.c" -mcpu=cortex-m3 -std=gnu11 -g3 -DDEBUG -DUSE_HAL_DRIVER -DSTM32F103xB -c -I../Core/Inc -I../Drivers/STM32F1xx_HAL_Driver/Inc/Legacy -I../Drivers/STM32F1xx_HAL_Driver/Inc -I../Drivers/CMSIS/Device/ST/STM32F1xx/Include -I../Drivers/CMSIS/Include -O0 -ffunction-sections -fdata-sections -Wall -fstack-usage -fcyclomatic-complexity -MMD -MP -MF"Drivers/STM32F1xx_HAL_Driver/Src/stm32f1xx_hal_rcc.d" -MT"Drivers/STM32F1xx_HAL_Driver/Src/stm32f1xx_hal_rcc.o" --specs=nano.specs -mfloat-abi=soft -mthumb -o "Drivers/STM32F1xx_HAL_Driver/Src/stm32f1xx_hal_rcc.o"
arm-none-eabi-gcc "../Drivers/STM32F1xx_HAL_Driver/Src/stm32f1xx_hal_rcc_ex.c" -mcpu=cortex-m3 -std=gnu11 -g3 -DDEBUG -DUSE_HAL_DRIVER -DSTM32F103xB -c -I../Core/Inc -I../Drivers/STM32F1xx_HAL_Driver/Inc/Legacy -I../Drivers/STM32F1xx_HAL_Driver/Inc -I../Drivers/CMSIS/Device/ST/STM32F1xx/Include -I../Drivers/CMSIS/Include -O0 -ffunction-sections -fdata-sections -Wall -fstack-usage -fcyclomatic-complexity -MMD -MP -MF"Drivers/STM32F1xx_HAL_Driver/Src/stm32f1xx_hal_rcc_ex.d" -MT"Drivers/STM32F1xx_HAL_Driver/Src/stm32f1xx_hal_rcc_ex.o" --specs=nano.specs -mfloat-abi=soft -mthumb -o "Drivers/STM32F1xx_HAL_Driver/Src/stm32f1xx_hal_rcc_ex.o"
arm-none-eabi-gcc "../Drivers/STM32F1xx_HAL_Driver/Src/stm32f1xx_hal_tim.c" -mcpu=cortex-m3 -std=gnu11 -g3 -DDEBUG -DUSE_HAL_DRIVER -DSTM32F103xB -c -I../Core/Inc -I../Drivers/STM32F1xx_HAL_Driver/Inc/Legacy -I../Drivers/STM32F1xx_HAL_Driver/Inc -I../Drivers/CMSIS/Device/ST/STM32F1xx/Include -I../Drivers/CMSIS/Include -O0 -ffunction-sections -fdata-sections -Wall -fstack-usage -fcyclomatic-complexity -MMD -MP -MF"Drivers/STM32F1xx_HAL_Driver/Src/stm32f1xx_hal_tim.d" -MT"Drivers/STM32F1xx_HAL_Driver/Src/stm32f1xx_hal_tim.o" --specs=nano.specs -mfloat-abi=soft -mthumb -o "Drivers/STM32F1xx_HAL_Driver/Src/stm32f1xx_hal_tim.o"
arm-none-eabi-gcc "../Drivers/STM32F1xx_HAL_Driver/Src/stm32f1xx_hal_tim_ex.c" -mcpu=cortex-m3 -std=gnu11 -g3 -DDEBUG -DUSE_HAL_DRIVER -DSTM32F103xB -c -I../Core/Inc -I../Drivers/STM32F1xx_HAL_Driver/Inc/Legacy -I../Drivers/STM32F1xx_HAL_Driver/Inc -I../Drivers/CMSIS/Device/ST/STM32F1xx/Include -I../Drivers/CMSIS/Include -O0 -ffunction-sections -fdata-sections -Wall -fstack-usage -fcyclomatic-complexity -MMD -MP -MF"Drivers/STM32F1xx_HAL_Driver/Src/stm32f1xx_hal_tim_ex.d" -MT"Drivers/STM32F1xx_HAL_Driver/Src/stm32f1xx_hal_tim_ex.o" --specs=nano.specs -mfloat-abi=soft -mthumb -o "Drivers/STM32F1xx_HAL_Driver/Src/stm32f1xx_hal_tim_ex.o"
arm-none-eabi-gcc "../Drivers/STM32F1xx_HAL_Driver/Src/stm32f1xx_hal_uart.c" -mcpu=cortex-m3 -std=gnu11 -g3 -DDEBUG -DUSE_HAL_DRIVER -DSTM32F103xB -c -I../Core/Inc -I../Drivers/STM32F1xx_HAL_Driver/Inc/Legacy -I../Drivers/STM32F1xx_HAL_Driver/Inc -I../Drivers/CMSIS/Device/ST/STM32F1xx/Include -I../Drivers/CMSIS/Include -O0 -ffunction-sections -fdata-sections -Wall -fstack-usage -fcyclomatic-complexity -MMD -MP -MF"Drivers/STM32F1xx_HAL_Driver/Src/stm32f1xx_hal_uart.d" -MT"Drivers/STM32F1xx_HAL_Driver/Src/stm32f1xx_hal_uart.o" --specs=nano.specs -mfloat-abi=soft -mthumb -o "Drivers/STM32F1xx_HAL_Driver/Src/stm32f1xx_hal_uart.o"
arm-none-eabi-gcc -mcpu=cortex-m3 -g3 -DDEBUG -c -x assembler-with-cpp -MMD -MP -MF"Core/Startup/startup_stm32f103c8tx.d" -MT"Core/Startup/startup_stm32f103c8tx.o" --specs=nano.specs -mfloat-abi=soft -mthumb -o "Core/Startup/startup_stm32f103c8tx.o" "../Core/Startup/startup_stm32f103c8tx.s"
arm-none-eabi-gcc "../Core/Src/main.c" -mcpu=cortex-m3 -std=gnu11 -g3 -DDEBUG -DUSE_HAL_DRIVER -DSTM32F103xB -c -I../Core/Inc -I../Drivers/STM32F1xx_HAL_Driver/Inc/Legacy -I../Drivers/STM32F1xx_HAL_Driver/Inc -I../Drivers/CMSIS/Device/ST/STM32F1xx/Include -I../Drivers/CMSIS/Include -O0 -ffunction-sections -fdata-sections -Wall -fstack-usage -fcyclomatic-complexity -MMD -MP -MF"Core/Src/main.d" -MT"Core/Src/main.o" --specs=nano.specs -mfloat-abi=soft -mthumb -o "Core/Src/main.o"
arm-none-eabi-gcc "../Core/Src/stm32f1xx_hal_msp.c" -mcpu=cortex-m3 -std=gnu11 -g3 -DDEBUG -DUSE_HAL_DRIVER -DSTM32F103xB -c -I../Core/Inc -I../Drivers/STM32F1xx_HAL_Driver/Inc/Legacy -I../Drivers/STM32F1xx_HAL_Driver/Inc -I../Drivers/CMSIS/Device/ST/STM32F1xx/Include -I../Drivers/CMSIS/Include -O0 -ffunction-sections -fdata-sections -Wall -fstack-usage -fcyclomatic-complexity -MMD -MP -MF"Core/Src/stm32f1xx_hal_msp.d" -MT"Core/Src/stm32f1xx_hal_msp.o" --specs=nano.specs -mfloat-abi=soft -mthumb -o "Core/Src/stm32f1xx_hal_msp.o"
arm-none-eabi-gcc "../Core/Src/stm32f1xx_it.c" -mcpu=cortex-m3 -std=gnu11 -g3 -DDEBUG -DUSE_HAL_DRIVER -DSTM32F103xB -c -I../Core/Inc -I../Drivers/STM32F1xx_HAL_Driver/Inc/Legacy -I../Drivers/STM32F1xx_HAL_Driver/Inc -I../Drivers/CMSIS/Device/ST/STM32F1xx/Include -I../Drivers/CMSIS/Include -O0 -ffunction-sections -fdata-sections -Wall -fstack-usage -fcyclomatic-complexity -MMD -MP -MF"Core/Src/stm32f1xx_it.d" -MT"Core/Src/stm32f1xx_it.o" --specs=nano.specs -mfloat-abi=soft -mthumb -o "Core/Src/stm32f1xx_it.o"
arm-none-eabi-gcc "../Core/Src/syscalls.c" -mcpu=cortex-m3 -std=gnu11 -g3 -DDEBUG -DUSE_HAL_DRIVER -DSTM32F103xB -c -I../Core/Inc -I../Drivers/STM32F1xx_HAL_Driver/Inc/Legacy -I../Drivers/STM32F1xx_HAL_Driver/Inc -I../Drivers/CMSIS/Device/ST/STM32F1xx/Include -I../Drivers/CMSIS/Include -O0 -ffunction-sections -fdata-sections -Wall -fstack-usage -fcyclomatic-complexity -MMD -MP -MF"Core/Src/syscalls.d" -MT"Core/Src/syscalls.o" --specs=nano.specs -mfloat-abi=soft -mthumb -o "Core/Src/syscalls.o"
arm-none-eabi-gcc "../Core/Src/sysmem.c" -mcpu=cortex-m3 -std=gnu11 -g3 -DDEBUG -DUSE_HAL_DRIVER -DSTM32F103xB -c -I../Core/Inc -I../Drivers/STM32F1xx_HAL_Driver/Inc/Legacy -I../Drivers/STM32F1xx_HAL_Driver/Inc -I../Drivers/CMSIS/Device/ST/STM32F1xx/Include -I../Drivers/CMSIS/Include -O0 -ffunction-sections -fdata-sections -Wall -fstack-usage -fcyclomatic-complexity -MMD -MP -MF"Core/Src/sysmem.d" -MT"Core/Src/sysmem.o" --specs=nano.specs -mfloat-abi=soft -mthumb -o "Core/Src/sysmem.o"
arm-none-eabi-gcc "../Core/Src/system_stm32f1xx.c" -mcpu=cortex-m3 -std=gnu11 -g3 -DDEBUG -DUSE_HAL_DRIVER -DSTM32F103xB -c -I../Core/Inc -I../Drivers/STM32F1xx_HAL_Driver/Inc/Legacy -I../Drivers/STM32F1xx_HAL_Driver/Inc -I../Drivers/CMSIS/Device/ST/STM32F1xx/Include -I../Drivers/CMSIS/Include -O0 -ffunction-sections -fdata-sections -Wall -fstack-usage -fcyclomatic-complexity -MMD -MP -MF"Core/Src/system_stm32f1xx.d" -MT"Core/Src/system_stm32f1xx.o" --specs=nano.specs -mfloat-abi=soft -mthumb -o "Core/Src/system_stm32f1xx.o"
arm-none-eabi-gcc -o "CAN_TAPIT.elf" @"objects.list"   -mcpu=cortex-m3 -T"C:\Users\TS\STM32CubeIDE\workspace_CAN\CAN_TAPIT\STM32F103C8TX_FLASH.ld" --specs=nosys.specs -Wl,-Map="CAN_TAPIT.map" -Wl,--gc-sections -static --specs=nano.specs -mfloat-abi=soft -mthumb -Wl,--start-group -lc -lm -Wl,--end-group
Finished building target: CAN_TAPIT.elf
 
arm-none-eabi-size  CAN_TAPIT.elf 
arm-none-eabi-objdump -h -S CAN_TAPIT.elf  > "CAN_TAPIT.list"
   text	   data	    bss	    dec	    hex	filename
   7240	     20	   1684	   8944	   22f0	CAN_TAPIT.elf
Finished building: default.size.stdout
 
Finished building: CAN_TAPIT.list
 
22:23:30 **** Incremental Build of configuration Debug for project CAN_TAPIT ****
make -j8 all 
arm-none-eabi-gcc "../Core/Src/main.c" -mcpu=cortex-m3 -std=gnu11 -g3 -DDEBUG -DUSE_HAL_DRIVER -DSTM32F103xB -c -I../Core/Inc -I../Drivers/STM32F1xx_HAL_Driver/Inc/Legacy -I../Drivers/STM32F1xx_HAL_Driver/Inc -I../Drivers/CMSIS/Device/ST/STM32F1xx/Include -I../Drivers/CMSIS/Include -O0 -ffunction-sections -fdata-sections -Wall -fstack-usage -fcyclomatic-complexity -MMD -MP -MF"Core/Src/main.d" -MT"Core/Src/main.o" --specs=nano.specs -mfloat-abi=soft -mthumb -o "Core/Src/main.o"
arm-none-eabi-gcc -o "CAN_TAPIT.elf" @"objects.list"   -mcpu=cortex-m3 -T"C:\Users\TS\STM32CubeIDE\workspace_CAN\CAN_TAPIT\STM32F103C8TX_FLASH.ld" --specs=nosys.specs -Wl,-Map="CAN_TAPIT.map" -Wl,--gc-sections -static --specs=nano.specs -mfloat-abi=soft -mthumb -Wl,--start-group -lc -lm -Wl,--end-group
Finished building target: CAN_TAPIT.elf
 
arm-none-eabi-size  CAN_TAPIT.elf 
arm-none-eabi-objdump -h -S CAN_TAPIT.elf  > "CAN_TAPIT.list"
   text	   data	    bss	    dec	    hex	filename
   9200	     20	   1756	  10976	   2ae0	CAN_TAPIT.elf
Finished building: default.size.stdout
 
Finished building: CAN_TAPIT.list
 
22:26:26 **** Incremental Build of configuration Debug for project CAN_TAPIT ****
make -j8 all 
arm-none-eabi-gcc "../Core/Src/main.c" -mcpu=cortex-m3 -std=gnu11 -g3 -DDEBUG -DUSE_HAL_DRIVER -DSTM32F103xB -c -I../Core/Inc -I../Drivers/STM32F1xx_HAL_Driver/Inc/Legacy -I../Drivers/STM32F1xx_HAL_Driver/Inc -I../Drivers/CMSIS/Device/ST/STM32F1xx/Include -I../Drivers/CMSIS/Include -O0 -ffunction-sections -fdata-sections -Wall -fstack-usage -fcyclomatic-complexity -MMD -MP -MF"Core/Src/main.d" -MT"Core/Src/main.o" --specs=nano.specs -mfloat-abi=soft -mthumb -o "Core/Src/main.o"
arm-none-eabi-gcc -o "CAN_TAPIT.elf" @"objects.list"   -mcpu=cortex-m3 -T"C:\Users\TS\STM32CubeIDE\workspace_CAN\CAN_TAPIT\STM32F103C8TX_FLASH.ld" --specs=nosys.specs -Wl,-Map="CAN_TAPIT.map" -Wl,--gc-sections -static --specs=nano.specs -mfloat-abi=soft -mthumb -Wl,--start-group -lc -lm -Wl,--end-group
Finished building target: CAN_TAPIT.elf
 
arm-none-eabi-size  CAN_TAPIT.elf 
arm-none-eabi-objdump -h -S CAN_TAPIT.elf  > "CAN_TAPIT.list"
   text	   data	    bss	    dec	    hex	filename
   9204	     20	   1756	  10980	   2ae4	CAN_TAPIT.elf
Finished building: default.size.stdout
 
Finished building: CAN_TAPIT.list
 
22:29:49 **** Incremental Build of configuration Debug for project CAN_TAPIT ****
make -j8 all 
arm-none-eabi-gcc "../Core/Src/main.c" -mcpu=cortex-m3 -std=gnu11 -g3 -DDEBUG -DUSE_HAL_DRIVER -DSTM32F103xB -c -I../Core/Inc -I../Drivers/STM32F1xx_HAL_Driver/Inc/Legacy -I../Drivers/STM32F1xx_HAL_Driver/Inc -I../Drivers/CMSIS/Device/ST/STM32F1xx/Include -I../Drivers/CMSIS/Include -O0 -ffunction-sections -fdata-sections -Wall -fstack-usage -fcyclomatic-complexity -MMD -MP -MF"Core/Src/main.d" -MT"Core/Src/main.o" --specs=nano.specs -mfloat-abi=soft -mthumb -o "Core/Src/main.o"
arm-none-eabi-gcc -o "CAN_TAPIT.elf" @"objects.list"   -mcpu=cortex-m3 -T"C:\Users\TS\STM32CubeIDE\workspace_CAN\CAN_TAPIT\STM32F103C8TX_FLASH.ld" --specs=nosys.specs -Wl,-Map="CAN_TAPIT.map" -Wl,--gc-sections -static --specs=nano.specs -mfloat-abi=soft -mthumb -Wl,--start-group -lc -lm -Wl,--end-group
Finished building target: CAN_TAPIT.elf
 
arm-none-eabi-size  CAN_TAPIT.elf 
arm-none-eabi-objdump -h -S CAN_TAPIT.elf  > "CAN_TAPIT.list"
   text	   data	    bss	    dec	    hex	filename
   9860	     28	   1748	  11636	   2d74	CAN_TAPIT.elf
Finished building: default.size.stdout
 
Finished building: CAN_TAPIT.list
 
22:33:27 **** Incremental Build of configuration Debug for project CAN_TAPIT ****
make -j8 all 
arm-none-eabi-gcc "../Core/Src/main.c" -mcpu=cortex-m3 -std=gnu11 -g3 -DDEBUG -DUSE_HAL_DRIVER -DSTM32F103xB -c -I../Core/Inc -I../Drivers/STM32F1xx_HAL_Driver/Inc/Legacy -I../Drivers/STM32F1xx_HAL_Driver/Inc -I../Drivers/CMSIS/Device/ST/STM32F1xx/Include -I../Drivers/CMSIS/Include -O0 -ffunction-sections -fdata-sections -Wall -fstack-usage -fcyclomatic-complexity -MMD -MP -MF"Core/Src/main.d" -MT"Core/Src/main.o" --specs=nano.specs -mfloat-abi=soft -mthumb -o "Core/Src/main.o"
arm-none-eabi-gcc -o "CAN_TAPIT.elf" @"objects.list"   -mcpu=cortex-m3 -T"C:\Users\TS\STM32CubeIDE\workspace_CAN\CAN_TAPIT\STM32F103C8TX_FLASH.ld" --specs=nosys.specs -Wl,-Map="CAN_TAPIT.map" -Wl,--gc-sections -static --specs=nano.specs -mfloat-abi=soft -mthumb -Wl,--start-group -lc -lm -Wl,--end-group
Finished building target: CAN_TAPIT.elf
 
arm-none-eabi-size  CAN_TAPIT.elf 
arm-none-eabi-objdump -h -S CAN_TAPIT.elf  > "CAN_TAPIT.list"
   text	   data	    bss	    dec	    hex	filename
   9940	     28	   1748	  11716	   2dc4	CAN_TAPIT.elf
Finished building: default.size.stdout
 
Finished building: CAN_TAPIT.list
 
22:35:56 **** Incremental Build of configuration Debug for project CAN_TAPIT ****
make -j8 all 
arm-none-eabi-gcc "../Core/Src/main.c" -mcpu=cortex-m3 -std=gnu11 -g3 -DDEBUG -DUSE_HAL_DRIVER -DSTM32F103xB -c -I../Core/Inc -I../Drivers/STM32F1xx_HAL_Driver/Inc/Legacy -I../Drivers/STM32F1xx_HAL_Driver/Inc -I../Drivers/CMSIS/Device/ST/STM32F1xx/Include -I../Drivers/CMSIS/Include -O0 -ffunction-sections -fdata-sections -Wall -fstack-usage -fcyclomatic-complexity -MMD -MP -MF"Core/Src/main.d" -MT"Core/Src/main.o" --specs=nano.specs -mfloat-abi=soft -mthumb -o "Core/Src/main.o"
arm-none-eabi-gcc -o "CAN_TAPIT.elf" @"objects.list"   -mcpu=cortex-m3 -T"C:\Users\TS\STM32CubeIDE\workspace_CAN\CAN_TAPIT\STM32F103C8TX_FLASH.ld" --specs=nosys.specs -Wl,-Map="CAN_TAPIT.map" -Wl,--gc-sections -static --specs=nano.specs -mfloat-abi=soft -mthumb -Wl,--start-group -lc -lm -Wl,--end-group
Finished building target: CAN_TAPIT.elf
 
arm-none-eabi-size  CAN_TAPIT.elf 
arm-none-eabi-objdump -h -S CAN_TAPIT.elf  > "CAN_TAPIT.list"
   text	   data	    bss	    dec	    hex	filename
   9940	     28	   1748	  11716	   2dc4	CAN_TAPIT.elf
Finished building: default.size.stdout
 
Finished building: CAN_TAPIT.list
 
22:39:17 **** Incremental Build of configuration Debug for project CAN_TAPIT ****
make -j8 all 
arm-none-eabi-gcc "../Core/Src/main.c" -mcpu=cortex-m3 -std=gnu11 -g3 -DDEBUG -DUSE_HAL_DRIVER -DSTM32F103xB -c -I../Core/Inc -I../Drivers/STM32F1xx_HAL_Driver/Inc/Legacy -I../Drivers/STM32F1xx_HAL_Driver/Inc -I../Drivers/CMSIS/Device/ST/STM32F1xx/Include -I../Drivers/CMSIS/Include -O0 -ffunction-sections -fdata-sections -Wall -fstack-usage -fcyclomatic-complexity -MMD -MP -MF"Core/Src/main.d" -MT"Core/Src/main.o" --specs=nano.specs -mfloat-abi=soft -mthumb -o "Core/Src/main.o"
arm-none-eabi-gcc -o "CAN_TAPIT.elf" @"objects.list"   -mcpu=cortex-m3 -T"C:\Users\TS\STM32CubeIDE\workspace_CAN\CAN_TAPIT\STM32F103C8TX_FLASH.ld" --specs=nosys.specs -Wl,-Map="CAN_TAPIT.map" -Wl,--gc-sections -static --specs=nano.specs -mfloat-abi=soft -mthumb -Wl,--start-group -lc -lm -Wl,--end-group
Finished building target: CAN_TAPIT.elf
 
arm-none-eabi-size  CAN_TAPIT.elf 
arm-none-eabi-objdump -h -S CAN_TAPIT.elf  > "CAN_TAPIT.list"
   text	   data	    bss	    dec	    hex	filename
   9940	     28	   1748	  11716	   2dc4	CAN_TAPIT.elf
Finished building: default.size.stdout
 
Finished building: CAN_TAPIT.list
 
22:41:23 **** Incremental Build of configuration Debug for project CAN_TAPIT ****
make -j8 all 
arm-none-eabi-size  CAN_TAPIT.elf 
   text	   data	    bss	    dec	    hex	filename
   9940	     28	   1748	  11716	   2dc4	CAN_TAPIT.elf
Finished building: default.size.stdout
 
22:43:05 **** Incremental Build of configuration Debug for project CAN_TAPIT ****
make -j8 all 
arm-none-eabi-gcc "../Core/Src/main.c" -mcpu=cortex-m3 -std=gnu11 -g3 -DDEBUG -DUSE_HAL_DRIVER -DSTM32F103xB -c -I../Core/Inc -I../Drivers/STM32F1xx_HAL_Driver/Inc/Legacy -I../Drivers/STM32F1xx_HAL_Driver/Inc -I../Drivers/CMSIS/Device/ST/STM32F1xx/Include -I../Drivers/CMSIS/Include -O0 -ffunction-sections -fdata-sections -Wall -fstack-usage -fcyclomatic-complexity -MMD -MP -MF"Core/Src/main.d" -MT"Core/Src/main.o" --specs=nano.specs -mfloat-abi=soft -mthumb -o "Core/Src/main.o"
arm-none-eabi-gcc -o "CAN_TAPIT.elf" @"objects.list"   -mcpu=cortex-m3 -T"C:\Users\TS\STM32CubeIDE\workspace_CAN\CAN_TAPIT\STM32F103C8TX_FLASH.ld" --specs=nosys.specs -Wl,-Map="CAN_TAPIT.map" -Wl,--gc-sections -static --specs=nano.specs -mfloat-abi=soft -mthumb -Wl,--start-group -lc -lm -Wl,--end-group
Finished building target: CAN_TAPIT.elf
 
arm-none-eabi-size  CAN_TAPIT.elf 
arm-none-eabi-objdump -h -S CAN_TAPIT.elf  > "CAN_TAPIT.list"
   text	   data	    bss	    dec	    hex	filename
   9940	     28	   1748	  11716	   2dc4	CAN_TAPIT.elf
Finished building: default.size.stdout
 
Finished building: CAN_TAPIT.list
 
22:45:07 **** Incremental Build of configuration Debug for project CAN_TAPIT ****
make -j8 all 
arm-none-eabi-gcc "../Core/Src/stm32f1xx_hal_msp.c" -mcpu=cortex-m3 -std=gnu11 -g3 -DDEBUG -DUSE_HAL_DRIVER -DSTM32F103xB -c -I../Core/Inc -I../Drivers/STM32F1xx_HAL_Driver/Inc/Legacy -I../Drivers/STM32F1xx_HAL_Driver/Inc -I../Drivers/CMSIS/Device/ST/STM32F1xx/Include -I../Drivers/CMSIS/Include -O0 -ffunction-sections -fdata-sections -Wall -fstack-usage -fcyclomatic-complexity -MMD -MP -MF"Core/Src/stm32f1xx_hal_msp.d" -MT"Core/Src/stm32f1xx_hal_msp.o" --specs=nano.specs -mfloat-abi=soft -mthumb -o "Core/Src/stm32f1xx_hal_msp.o"
arm-none-eabi-gcc -o "CAN_TAPIT.elf" @"objects.list"   -mcpu=cortex-m3 -T"C:\Users\TS\STM32CubeIDE\workspace_CAN\CAN_TAPIT\STM32F103C8TX_FLASH.ld" --specs=nosys.specs -Wl,-Map="CAN_TAPIT.map" -Wl,--gc-sections -static --specs=nano.specs -mfloat-abi=soft -mthumb -Wl,--start-group -lc -lm -Wl,--end-group
Finished building target: CAN_TAPIT.elf
 
arm-none-eabi-size  CAN_TAPIT.elf 
arm-none-eabi-objdump -h -S CAN_TAPIT.elf  > "CAN_TAPIT.list"
   text	   data	    bss	    dec	    hex	filename
   9940	     28	   1748	  11716	   2dc4	CAN_TAPIT.elf
Finished building: default.size.stdout
 
Finished building: CAN_TAPIT.list
 
22:48:46 **** Incremental Build of configuration Debug for project CAN_TAPIT ****
make -j8 all 
arm-none-eabi-gcc "../Core/Src/main.c" -mcpu=cortex-m3 -std=gnu11 -g3 -DDEBUG -DUSE_HAL_DRIVER -DSTM32F103xB -c -I../Core/Inc -I../Drivers/STM32F1xx_HAL_Driver/Inc/Legacy -I../Drivers/STM32F1xx_HAL_Driver/Inc -I../Drivers/CMSIS/Device/ST/STM32F1xx/Include -I../Drivers/CMSIS/Include -O0 -ffunction-sections -fdata-sections -Wall -fstack-usage -fcyclomatic-complexity -MMD -MP -MF"Core/Src/main.d" -MT"Core/Src/main.o" --specs=nano.specs -mfloat-abi=soft -mthumb -o "Core/Src/main.o"
arm-none-eabi-gcc -o "CAN_TAPIT.elf" @"objects.list"   -mcpu=cortex-m3 -T"C:\Users\TS\STM32CubeIDE\workspace_CAN\CAN_TAPIT\STM32F103C8TX_FLASH.ld" --specs=nosys.specs -Wl,-Map="CAN_TAPIT.map" -Wl,--gc-sections -static --specs=nano.specs -mfloat-abi=soft -mthumb -Wl,--start-group -lc -lm -Wl,--end-group
Finished building target: CAN_TAPIT.elf
 
arm-none-eabi-size  CAN_TAPIT.elf 
arm-none-eabi-objdump -h -S CAN_TAPIT.elf  > "CAN_TAPIT.list"
   text	   data	    bss	    dec	    hex	filename
   9948	     28	   1748	  11724	   2dcc	CAN_TAPIT.elf
Finished building: default.size.stdout
 
Finished building: CAN_TAPIT.list
 
22:54:48 **** Incremental Build of configuration Debug for project CAN_TAPIT ****
make -j8 all 
arm-none-eabi-gcc "../Core/Src/main.c" -mcpu=cortex-m3 -std=gnu11 -g3 -DDEBUG -DUSE_HAL_DRIVER -DSTM32F103xB -c -I../Core/Inc -I../Drivers/STM32F1xx_HAL_Driver/Inc/Legacy -I../Drivers/STM32F1xx_HAL_Driver/Inc -I../Drivers/CMSIS/Device/ST/STM32F1xx/Include -I../Drivers/CMSIS/Include -O0 -ffunction-sections -fdata-sections -Wall -fstack-usage -fcyclomatic-complexity -MMD -MP -MF"Core/Src/main.d" -MT"Core/Src/main.o" --specs=nano.specs -mfloat-abi=soft -mthumb -o "Core/Src/main.o"
arm-none-eabi-gcc -o "CAN_TAPIT.elf" @"objects.list"   -mcpu=cortex-m3 -T"C:\Users\TS\STM32CubeIDE\workspace_CAN\CAN_TAPIT\STM32F103C8TX_FLASH.ld" --specs=nosys.specs -Wl,-Map="CAN_TAPIT.map" -Wl,--gc-sections -static --specs=nano.specs -mfloat-abi=soft -mthumb -Wl,--start-group -lc -lm -Wl,--end-group
Finished building target: CAN_TAPIT.elf
 
arm-none-eabi-size  CAN_TAPIT.elf 
arm-none-eabi-objdump -h -S CAN_TAPIT.elf  > "CAN_TAPIT.list"
   text	   data	    bss	    dec	    hex	filename
   9948	     28	   1748	  11724	   2dcc	CAN_TAPIT.elf
Finished building: default.size.stdout
 
Finished building: CAN_TAPIT.list
 
22:57:31 **** Incremental Build of configuration Debug for project CAN_TAPIT ****
make -j8 all 
arm-none-eabi-size  CAN_TAPIT.elf 
   text	   data	    bss	    dec	    hex	filename
   9948	     28	   1748	  11724	   2dcc	CAN_TAPIT.elf
Finished building: default.size.stdout
 
23:02:00 **** Incremental Build of configuration Debug for project CAN_TAPIT ****
make -j8 all 
arm-none-eabi-gcc "../Core/Src/main.c" -mcpu=cortex-m3 -std=gnu11 -g3 -DDEBUG -DUSE_HAL_DRIVER -DSTM32F103xB -c -I../Core/Inc -I../Drivers/STM32F1xx_HAL_Driver/Inc/Legacy -I../Drivers/STM32F1xx_HAL_Driver/Inc -I../Drivers/CMSIS/Device/ST/STM32F1xx/Include -I../Drivers/CMSIS/Include -O0 -ffunction-sections -fdata-sections -Wall -fstack-usage -fcyclomatic-complexity -MMD -MP -MF"Core/Src/main.d" -MT"Core/Src/main.o" --specs=nano.specs -mfloat-abi=soft -mthumb -o "Core/Src/main.o"
arm-none-eabi-gcc -o "CAN_TAPIT.elf" @"objects.list"   -mcpu=cortex-m3 -T"C:\Users\TS\STM32CubeIDE\workspace_CAN\CAN_TAPIT\STM32F103C8TX_FLASH.ld" --specs=nosys.specs -Wl,-Map="CAN_TAPIT.map" -Wl,--gc-sections -static --specs=nano.specs -mfloat-abi=soft -mthumb -Wl,--start-group -lc -lm -Wl,--end-group
Finished building target: CAN_TAPIT.elf
 
arm-none-eabi-size  CAN_TAPIT.elf 
arm-none-eabi-objdump -h -S CAN_TAPIT.elf  > "CAN_TAPIT.list"
   text	   data	    bss	    dec	    hex	filename
   9948	     28	   1748	  11724	   2dcc	CAN_TAPIT.elf
Finished building: default.size.stdout
 
Finished building: CAN_TAPIT.list
 
